Archive member included to satisfy reference by file (symbol)

D:/AppSetup/NXP/S32DS.3.5/S32DS/build_tools/gcc_b1620/gcc-6.3-arm32-eabi/arm-none-eabi/newlib/lib/thumb/v7e-m\libc.a(lib_a-exit.o)
                              D:/AppSetup/NXP/S32DS.3.5/S32DS/build_tools/gcc_b1620/gcc-6.3-arm32-eabi/arm-none-eabi/newlib/lib/thumb/v7e-m/crt0.o (exit)
D:/AppSetup/NXP/S32DS.3.5/S32DS/build_tools/gcc_b1620/gcc-6.3-arm32-eabi/arm-none-eabi/newlib/lib/thumb/v7e-m\libc.a(lib_a-impure.o)
                              D:/AppSetup/NXP/S32DS.3.5/S32DS/build_tools/gcc_b1620/gcc-6.3-arm32-eabi/arm-none-eabi/newlib/lib/thumb/v7e-m\libc.a(lib_a-exit.o) (_global_impure_ptr)
D:/AppSetup/NXP/S32DS.3.5/S32DS/build_tools/gcc_b1620/gcc-6.3-arm32-eabi/arm-none-eabi/newlib/lib/thumb/v7e-m\libc.a(lib_a-init.o)
                              D:/AppSetup/NXP/S32DS.3.5/S32DS/build_tools/gcc_b1620/gcc-6.3-arm32-eabi/arm-none-eabi/newlib/lib/thumb/v7e-m/crt0.o (__libc_init_array)
D:/AppSetup/NXP/S32DS.3.5/S32DS/build_tools/gcc_b1620/gcc-6.3-arm32-eabi/arm-none-eabi/newlib/lib/thumb/v7e-m\libc.a(lib_a-memset.o)
                              D:/AppSetup/NXP/S32DS.3.5/S32DS/build_tools/gcc_b1620/gcc-6.3-arm32-eabi/arm-none-eabi/newlib/lib/thumb/v7e-m/crt0.o (memset)
D:/AppSetup/NXP/S32DS.3.5/S32DS/build_tools/gcc_b1620/gcc-6.3-arm32-eabi/arm-none-eabi/newlib/lib/thumb/v7e-m\libc.a(lib_a-__call_atexit.o)
                              D:/AppSetup/NXP/S32DS.3.5/S32DS/build_tools/gcc_b1620/gcc-6.3-arm32-eabi/arm-none-eabi/newlib/lib/thumb/v7e-m\libc.a(lib_a-exit.o) (__call_exitprocs)
D:/AppSetup/NXP/S32DS.3.5/S32DS/build_tools/gcc_b1620/gcc-6.3-arm32-eabi/arm-none-eabi/newlib/lib/thumb/v7e-m\libc.a(lib_a-fini.o)
                              D:/AppSetup/NXP/S32DS.3.5/S32DS/build_tools/gcc_b1620/gcc-6.3-arm32-eabi/arm-none-eabi/newlib/lib/thumb/v7e-m\libc.a(lib_a-__call_atexit.o) (__libc_fini_array)
D:/AppSetup/NXP/S32DS.3.5/S32DS/build_tools/gcc_b1620/gcc-6.3-arm32-eabi/arm-none-eabi/newlib/lib/thumb/v7e-m\libc.a(lib_a-atexit.o)
                              D:/AppSetup/NXP/S32DS.3.5/S32DS/build_tools/gcc_b1620/gcc-6.3-arm32-eabi/arm-none-eabi/newlib/lib/thumb/v7e-m\libc.a(lib_a-__call_atexit.o) (atexit)
D:/AppSetup/NXP/S32DS.3.5/S32DS/build_tools/gcc_b1620/gcc-6.3-arm32-eabi/arm-none-eabi/newlib/lib/thumb/v7e-m\libc.a(lib_a-__atexit.o)
                              D:/AppSetup/NXP/S32DS.3.5/S32DS/build_tools/gcc_b1620/gcc-6.3-arm32-eabi/arm-none-eabi/newlib/lib/thumb/v7e-m\libc.a(lib_a-atexit.o) (__register_exitproc)
D:/AppSetup/NXP/S32DS.3.5/S32DS/build_tools/gcc_b1620/gcc-6.3-arm32-eabi/arm-none-eabi/newlib/lib/thumb/v7e-m\libnosys.a(_exit.o)
                              D:/AppSetup/NXP/S32DS.3.5/S32DS/build_tools/gcc_b1620/gcc-6.3-arm32-eabi/arm-none-eabi/newlib/lib/thumb/v7e-m\libc.a(lib_a-exit.o) (_exit)

Discarded input sections

 .text          0x00000000        0x0 d:/appsetup/nxp/s32ds.3.5/s32ds/build_tools/gcc_b1620/gcc-6.3-arm32-eabi/bin/../lib/gcc/arm-none-eabi/6.3.1/thumb/v7e-m/crti.o
 .data          0x00000000        0x0 d:/appsetup/nxp/s32ds.3.5/s32ds/build_tools/gcc_b1620/gcc-6.3-arm32-eabi/bin/../lib/gcc/arm-none-eabi/6.3.1/thumb/v7e-m/crti.o
 .bss           0x00000000        0x0 d:/appsetup/nxp/s32ds.3.5/s32ds/build_tools/gcc_b1620/gcc-6.3-arm32-eabi/bin/../lib/gcc/arm-none-eabi/6.3.1/thumb/v7e-m/crti.o
 .data          0x00000000        0x4 d:/appsetup/nxp/s32ds.3.5/s32ds/build_tools/gcc_b1620/gcc-6.3-arm32-eabi/bin/../lib/gcc/arm-none-eabi/6.3.1/thumb/v7e-m/crtbegin.o
 .data          0x00000000        0x0 D:/AppSetup/NXP/S32DS.3.5/S32DS/build_tools/gcc_b1620/gcc-6.3-arm32-eabi/arm-none-eabi/newlib/lib/thumb/v7e-m/crt0.o
 .bss           0x00000000        0x0 D:/AppSetup/NXP/S32DS.3.5/S32DS/build_tools/gcc_b1620/gcc-6.3-arm32-eabi/arm-none-eabi/newlib/lib/thumb/v7e-m/crt0.o
 .ARM.extab     0x00000000        0x0 D:/AppSetup/NXP/S32DS.3.5/S32DS/build_tools/gcc_b1620/gcc-6.3-arm32-eabi/arm-none-eabi/newlib/lib/thumb/v7e-m/crt0.o
 .group         0x00000000        0xc ./Driver/CMSIS/Src/Core_Interrupt.o
 .group         0x00000000        0xc ./Driver/CMSIS/Src/Core_Interrupt.o
 .group         0x00000000        0xc ./Driver/CMSIS/Src/Core_Interrupt.o
 .group         0x00000000        0xc ./Driver/CMSIS/Src/Core_Interrupt.o
 .group         0x00000000        0xc ./Driver/CMSIS/Src/Core_Interrupt.o
 .group         0x00000000        0xc ./Driver/CMSIS/Src/Core_Interrupt.o
 .group         0x00000000        0xc ./Driver/CMSIS/Src/Core_Interrupt.o
 .group         0x00000000        0xc ./Driver/CMSIS/Src/Core_Interrupt.o
 .group         0x00000000        0xc ./Driver/CMSIS/Src/Core_Interrupt.o
 .text          0x00000000        0x0 ./Driver/CMSIS/Src/Core_Interrupt.o
 .data          0x00000000        0x0 ./Driver/CMSIS/Src/Core_Interrupt.o
 .bss           0x00000000        0x0 ./Driver/CMSIS/Src/Core_Interrupt.o
 .text.NVIC_DisableIRQ
                0x00000000       0x4c ./Driver/CMSIS/Src/Core_Interrupt.o
 .text.NVIC_SetPriority
                0x00000000       0x38 ./Driver/CMSIS/Src/Core_Interrupt.o
 .group         0x00000000        0xc ./Driver/CMSIS/Src/Core_Systick.o
 .group         0x00000000        0xc ./Driver/CMSIS/Src/Core_Systick.o
 .group         0x00000000        0xc ./Driver/CMSIS/Src/Core_Systick.o
 .group         0x00000000        0xc ./Driver/CMSIS/Src/Core_Systick.o
 .group         0x00000000        0xc ./Driver/CMSIS/Src/Core_Systick.o
 .group         0x00000000        0xc ./Driver/CMSIS/Src/Core_Systick.o
 .group         0x00000000        0xc ./Driver/CMSIS/Src/Core_Systick.o
 .group         0x00000000        0xc ./Driver/CMSIS/Src/Core_Systick.o
 .group         0x00000000        0xc ./Driver/CMSIS/Src/Core_Systick.o
 .text          0x00000000        0x0 ./Driver/CMSIS/Src/Core_Systick.o
 .data          0x00000000        0x0 ./Driver/CMSIS/Src/Core_Systick.o
 .bss           0x00000000        0x0 ./Driver/CMSIS/Src/Core_Systick.o
 .debug_macro   0x00000000      0x8d4 ./Driver/CMSIS/Src/Core_Systick.o
 .debug_macro   0x00000000       0x22 ./Driver/CMSIS/Src/Core_Systick.o
 .debug_macro   0x00000000       0x8e ./Driver/CMSIS/Src/Core_Systick.o
 .debug_macro   0x00000000       0x51 ./Driver/CMSIS/Src/Core_Systick.o
 .debug_macro   0x00000000       0xef ./Driver/CMSIS/Src/Core_Systick.o
 .debug_macro   0x00000000       0x6a ./Driver/CMSIS/Src/Core_Systick.o
 .debug_macro   0x00000000      0x1df ./Driver/CMSIS/Src/Core_Systick.o
 .group         0x00000000        0xc ./Driver/CMSIS/Src/Driver_GPIO.o
 .group         0x00000000        0xc ./Driver/CMSIS/Src/Driver_GPIO.o
 .group         0x00000000        0xc ./Driver/CMSIS/Src/Driver_GPIO.o
 .group         0x00000000        0xc ./Driver/CMSIS/Src/Driver_GPIO.o
 .group         0x00000000        0xc ./Driver/CMSIS/Src/Driver_GPIO.o
 .group         0x00000000        0xc ./Driver/CMSIS/Src/Driver_GPIO.o
 .group         0x00000000        0xc ./Driver/CMSIS/Src/Driver_GPIO.o
 .group         0x00000000        0xc ./Driver/CMSIS/Src/Driver_GPIO.o
 .group         0x00000000        0xc ./Driver/CMSIS/Src/Driver_GPIO.o
 .group         0x00000000        0xc ./Driver/CMSIS/Src/Driver_GPIO.o
 .text          0x00000000        0x0 ./Driver/CMSIS/Src/Driver_GPIO.o
 .data          0x00000000        0x0 ./Driver/CMSIS/Src/Driver_GPIO.o
 .bss           0x00000000        0x0 ./Driver/CMSIS/Src/Driver_GPIO.o
 .text.GPIO_Check_IRQs
                0x00000000       0x9c ./Driver/CMSIS/Src/Driver_GPIO.o
 .text.ARM_GPIO_SignalEvent
                0x00000000       0x14 ./Driver/CMSIS/Src/Driver_GPIO.o
 .debug_macro   0x00000000      0x8d4 ./Driver/CMSIS/Src/Driver_GPIO.o
 .debug_macro   0x00000000       0x22 ./Driver/CMSIS/Src/Driver_GPIO.o
 .debug_macro   0x00000000       0x8e ./Driver/CMSIS/Src/Driver_GPIO.o
 .debug_macro   0x00000000       0x51 ./Driver/CMSIS/Src/Driver_GPIO.o
 .debug_macro   0x00000000       0xef ./Driver/CMSIS/Src/Driver_GPIO.o
 .debug_macro   0x00000000       0x6a ./Driver/CMSIS/Src/Driver_GPIO.o
 .debug_macro   0x00000000      0x1df ./Driver/CMSIS/Src/Driver_GPIO.o
 .debug_macro   0x00000000     0xeea5 ./Driver/CMSIS/Src/Driver_GPIO.o
 .debug_macro   0x00000000       0x3a ./Driver/CMSIS/Src/Driver_GPIO.o
 .group         0x00000000        0xc ./Driver/HAL/Src/ADC.o
 .group         0x00000000        0xc ./Driver/HAL/Src/ADC.o
 .group         0x00000000        0xc ./Driver/HAL/Src/ADC.o
 .group         0x00000000        0xc ./Driver/HAL/Src/ADC.o
 .group         0x00000000        0xc ./Driver/HAL/Src/ADC.o
 .group         0x00000000        0xc ./Driver/HAL/Src/ADC.o
 .group         0x00000000        0xc ./Driver/HAL/Src/ADC.o
 .group         0x00000000        0xc ./Driver/HAL/Src/ADC.o
 .group         0x00000000        0xc ./Driver/HAL/Src/ADC.o
 .group         0x00000000        0xc ./Driver/HAL/Src/ADC.o
 .group         0x00000000        0xc ./Driver/HAL/Src/ADC.o
 .text          0x00000000        0x0 ./Driver/HAL/Src/ADC.o
 .data          0x00000000        0x0 ./Driver/HAL/Src/ADC.o
 .bss           0x00000000        0x0 ./Driver/HAL/Src/ADC.o
 .debug_macro   0x00000000      0x8d4 ./Driver/HAL/Src/ADC.o
 .debug_macro   0x00000000       0x22 ./Driver/HAL/Src/ADC.o
 .debug_macro   0x00000000       0x8e ./Driver/HAL/Src/ADC.o
 .debug_macro   0x00000000       0x51 ./Driver/HAL/Src/ADC.o
 .debug_macro   0x00000000       0xef ./Driver/HAL/Src/ADC.o
 .debug_macro   0x00000000       0x6a ./Driver/HAL/Src/ADC.o
 .debug_macro   0x00000000      0x1df ./Driver/HAL/Src/ADC.o
 .debug_macro   0x00000000     0xeea5 ./Driver/HAL/Src/ADC.o
 .group         0x00000000        0xc ./Driver/HAL/Src/Clock.o
 .group         0x00000000        0xc ./Driver/HAL/Src/Clock.o
 .group         0x00000000        0xc ./Driver/HAL/Src/Clock.o
 .group         0x00000000        0xc ./Driver/HAL/Src/Clock.o
 .group         0x00000000        0xc ./Driver/HAL/Src/Clock.o
 .group         0x00000000        0xc ./Driver/HAL/Src/Clock.o
 .group         0x00000000        0xc ./Driver/HAL/Src/Clock.o
 .group         0x00000000        0xc ./Driver/HAL/Src/Clock.o
 .group         0x00000000        0xc ./Driver/HAL/Src/Clock.o
 .group         0x00000000        0xc ./Driver/HAL/Src/Clock.o
 .text          0x00000000        0x0 ./Driver/HAL/Src/Clock.o
 .data          0x00000000        0x0 ./Driver/HAL/Src/Clock.o
 .bss           0x00000000        0x0 ./Driver/HAL/Src/Clock.o
 .debug_macro   0x00000000      0x8d4 ./Driver/HAL/Src/Clock.o
 .debug_macro   0x00000000       0x22 ./Driver/HAL/Src/Clock.o
 .debug_macro   0x00000000       0x8e ./Driver/HAL/Src/Clock.o
 .debug_macro   0x00000000       0x51 ./Driver/HAL/Src/Clock.o
 .debug_macro   0x00000000       0xef ./Driver/HAL/Src/Clock.o
 .debug_macro   0x00000000       0x6a ./Driver/HAL/Src/Clock.o
 .debug_macro   0x00000000      0x1df ./Driver/HAL/Src/Clock.o
 .debug_macro   0x00000000     0xeea5 ./Driver/HAL/Src/Clock.o
 .debug_macro   0x00000000       0x10 ./Driver/HAL/Src/Clock.o
 .group         0x00000000        0xc ./Driver/HAL/Src/Driver_UART.o
 .group         0x00000000        0xc ./Driver/HAL/Src/Driver_UART.o
 .group         0x00000000        0xc ./Driver/HAL/Src/Driver_UART.o
 .group         0x00000000        0xc ./Driver/HAL/Src/Driver_UART.o
 .group         0x00000000        0xc ./Driver/HAL/Src/Driver_UART.o
 .group         0x00000000        0xc ./Driver/HAL/Src/Driver_UART.o
 .group         0x00000000        0xc ./Driver/HAL/Src/Driver_UART.o
 .group         0x00000000        0xc ./Driver/HAL/Src/Driver_UART.o
 .group         0x00000000        0xc ./Driver/HAL/Src/Driver_UART.o
 .group         0x00000000        0xc ./Driver/HAL/Src/Driver_UART.o
 .text          0x00000000        0x0 ./Driver/HAL/Src/Driver_UART.o
 .data          0x00000000        0x0 ./Driver/HAL/Src/Driver_UART.o
 .bss           0x00000000        0x0 ./Driver/HAL/Src/Driver_UART.o
 .debug_macro   0x00000000      0x8d4 ./Driver/HAL/Src/Driver_UART.o
 .debug_macro   0x00000000       0x22 ./Driver/HAL/Src/Driver_UART.o
 .debug_macro   0x00000000       0x8e ./Driver/HAL/Src/Driver_UART.o
 .debug_macro   0x00000000       0x51 ./Driver/HAL/Src/Driver_UART.o
 .debug_macro   0x00000000       0xef ./Driver/HAL/Src/Driver_UART.o
 .debug_macro   0x00000000       0x6a ./Driver/HAL/Src/Driver_UART.o
 .debug_macro   0x00000000      0x1df ./Driver/HAL/Src/Driver_UART.o
 .debug_macro   0x00000000     0xeea5 ./Driver/HAL/Src/Driver_UART.o
 .debug_macro   0x00000000       0x3a ./Driver/HAL/Src/Driver_UART.o
 .group         0x00000000        0xc ./Driver/HAL/Src/Timer.o
 .group         0x00000000        0xc ./Driver/HAL/Src/Timer.o
 .group         0x00000000        0xc ./Driver/HAL/Src/Timer.o
 .group         0x00000000        0xc ./Driver/HAL/Src/Timer.o
 .group         0x00000000        0xc ./Driver/HAL/Src/Timer.o
 .group         0x00000000        0xc ./Driver/HAL/Src/Timer.o
 .group         0x00000000        0xc ./Driver/HAL/Src/Timer.o
 .group         0x00000000        0xc ./Driver/HAL/Src/Timer.o
 .group         0x00000000        0xc ./Driver/HAL/Src/Timer.o
 .text          0x00000000        0x0 ./Driver/HAL/Src/Timer.o
 .data          0x00000000        0x0 ./Driver/HAL/Src/Timer.o
 .bss           0x00000000        0x0 ./Driver/HAL/Src/Timer.o
 .text.Init_LPIT
                0x00000000       0x1c ./Driver/HAL/Src/Timer.o
 .debug_info    0x00000000      0x1a7 ./Driver/HAL/Src/Timer.o
 .debug_abbrev  0x00000000       0xa8 ./Driver/HAL/Src/Timer.o
 .debug_aranges
                0x00000000       0x20 ./Driver/HAL/Src/Timer.o
 .debug_ranges  0x00000000       0x10 ./Driver/HAL/Src/Timer.o
 .debug_macro   0x00000000       0x85 ./Driver/HAL/Src/Timer.o
 .debug_macro   0x00000000      0x8d4 ./Driver/HAL/Src/Timer.o
 .debug_macro   0x00000000       0x22 ./Driver/HAL/Src/Timer.o
 .debug_macro   0x00000000       0x8e ./Driver/HAL/Src/Timer.o
 .debug_macro   0x00000000       0x51 ./Driver/HAL/Src/Timer.o
 .debug_macro   0x00000000       0xef ./Driver/HAL/Src/Timer.o
 .debug_macro   0x00000000       0x6a ./Driver/HAL/Src/Timer.o
 .debug_macro   0x00000000      0x1df ./Driver/HAL/Src/Timer.o
 .debug_macro   0x00000000     0xeea5 ./Driver/HAL/Src/Timer.o
 .debug_macro   0x00000000       0x10 ./Driver/HAL/Src/Timer.o
 .debug_line    0x00000000      0x2e7 ./Driver/HAL/Src/Timer.o
 .debug_str     0x00000000    0x638f0 ./Driver/HAL/Src/Timer.o
 .comment       0x00000000       0x7f ./Driver/HAL/Src/Timer.o
 .debug_frame   0x00000000       0x30 ./Driver/HAL/Src/Timer.o
 .ARM.attributes
                0x00000000       0x33 ./Driver/HAL/Src/Timer.o
 .group         0x00000000        0xc ./Project_Settings/Startup_Code/startup.o
 .group         0x00000000        0xc ./Project_Settings/Startup_Code/startup.o
 .group         0x00000000        0xc ./Project_Settings/Startup_Code/startup.o
 .group         0x00000000        0xc ./Project_Settings/Startup_Code/startup.o
 .group         0x00000000        0xc ./Project_Settings/Startup_Code/startup.o
 .group         0x00000000        0xc ./Project_Settings/Startup_Code/startup.o
 .group         0x00000000        0xc ./Project_Settings/Startup_Code/startup.o
 .group         0x00000000        0xc ./Project_Settings/Startup_Code/startup.o
 .group         0x00000000        0xc ./Project_Settings/Startup_Code/startup.o
 .group         0x00000000        0xc ./Project_Settings/Startup_Code/startup.o
 .group         0x00000000        0xc ./Project_Settings/Startup_Code/startup.o
 .group         0x00000000        0xc ./Project_Settings/Startup_Code/startup.o
 .group         0x00000000        0xc ./Project_Settings/Startup_Code/startup.o
 .text          0x00000000        0x0 ./Project_Settings/Startup_Code/startup.o
 .data          0x00000000        0x0 ./Project_Settings/Startup_Code/startup.o
 .bss           0x00000000        0x0 ./Project_Settings/Startup_Code/startup.o
 .rodata.s_vectors
                0x00000000        0x4 ./Project_Settings/Startup_Code/startup.o
 .debug_macro   0x00000000      0x8d4 ./Project_Settings/Startup_Code/startup.o
 .debug_macro   0x00000000       0x22 ./Project_Settings/Startup_Code/startup.o
 .debug_macro   0x00000000       0x8e ./Project_Settings/Startup_Code/startup.o
 .debug_macro   0x00000000       0x51 ./Project_Settings/Startup_Code/startup.o
 .debug_macro   0x00000000       0xef ./Project_Settings/Startup_Code/startup.o
 .debug_macro   0x00000000       0x6a ./Project_Settings/Startup_Code/startup.o
 .debug_macro   0x00000000      0x1df ./Project_Settings/Startup_Code/startup.o
 .debug_macro   0x00000000     0xeea5 ./Project_Settings/Startup_Code/startup.o
 .data          0x00000000        0x0 ./Project_Settings/Startup_Code/startup_S32K144.o
 .bss           0x00000000        0x0 ./Project_Settings/Startup_Code/startup_S32K144.o
 .group         0x00000000        0xc ./Project_Settings/Startup_Code/system_S32K144.o
 .group         0x00000000        0xc ./Project_Settings/Startup_Code/system_S32K144.o
 .group         0x00000000        0xc ./Project_Settings/Startup_Code/system_S32K144.o
 .group         0x00000000        0xc ./Project_Settings/Startup_Code/system_S32K144.o
 .group         0x00000000        0xc ./Project_Settings/Startup_Code/system_S32K144.o
 .group         0x00000000        0xc ./Project_Settings/Startup_Code/system_S32K144.o
 .group         0x00000000        0xc ./Project_Settings/Startup_Code/system_S32K144.o
 .group         0x00000000        0xc ./Project_Settings/Startup_Code/system_S32K144.o
 .group         0x00000000        0xc ./Project_Settings/Startup_Code/system_S32K144.o
 .group         0x00000000        0xc ./Project_Settings/Startup_Code/system_S32K144.o
 .group         0x00000000        0xc ./Project_Settings/Startup_Code/system_S32K144.o
 .group         0x00000000        0xc ./Project_Settings/Startup_Code/system_S32K144.o
 .group         0x00000000        0xc ./Project_Settings/Startup_Code/system_S32K144.o
 .group         0x00000000        0xc ./Project_Settings/Startup_Code/system_S32K144.o
 .text          0x00000000        0x0 ./Project_Settings/Startup_Code/system_S32K144.o
 .data          0x00000000        0x0 ./Project_Settings/Startup_Code/system_S32K144.o
 .bss           0x00000000        0x0 ./Project_Settings/Startup_Code/system_S32K144.o
 .data.SystemCoreClock
                0x00000000        0x4 ./Project_Settings/Startup_Code/system_S32K144.o
 .text.SystemCoreClockUpdate
                0x00000000       0xf0 ./Project_Settings/Startup_Code/system_S32K144.o
 .text.SystemSoftwareReset
                0x00000000       0x3e ./Project_Settings/Startup_Code/system_S32K144.o
 .rodata.fircFreq.5179
                0x00000000        0x4 ./Project_Settings/Startup_Code/system_S32K144.o
 .debug_macro   0x00000000      0x8d4 ./Project_Settings/Startup_Code/system_S32K144.o
 .debug_macro   0x00000000       0x10 ./Project_Settings/Startup_Code/system_S32K144.o
 .debug_macro   0x00000000       0x7a ./Project_Settings/Startup_Code/system_S32K144.o
 .debug_macro   0x00000000       0x19 ./Project_Settings/Startup_Code/system_S32K144.o
 .debug_macro   0x00000000       0x22 ./Project_Settings/Startup_Code/system_S32K144.o
 .debug_macro   0x00000000       0x8e ./Project_Settings/Startup_Code/system_S32K144.o
 .debug_macro   0x00000000       0x51 ./Project_Settings/Startup_Code/system_S32K144.o
 .debug_macro   0x00000000       0xef ./Project_Settings/Startup_Code/system_S32K144.o
 .debug_macro   0x00000000       0x6a ./Project_Settings/Startup_Code/system_S32K144.o
 .debug_macro   0x00000000      0x1df ./Project_Settings/Startup_Code/system_S32K144.o
 .debug_macro   0x00000000     0xee90 ./Project_Settings/Startup_Code/system_S32K144.o
 .debug_macro   0x00000000      0xbbe ./Project_Settings/Startup_Code/system_S32K144.o
 .debug_macro   0x00000000       0x22 ./Project_Settings/Startup_Code/system_S32K144.o
 .group         0x00000000        0xc ./src/S32K144_IT.o
 .group         0x00000000        0xc ./src/S32K144_IT.o
 .group         0x00000000        0xc ./src/S32K144_IT.o
 .group         0x00000000        0xc ./src/S32K144_IT.o
 .group         0x00000000        0xc ./src/S32K144_IT.o
 .group         0x00000000        0xc ./src/S32K144_IT.o
 .group         0x00000000        0xc ./src/S32K144_IT.o
 .group         0x00000000        0xc ./src/S32K144_IT.o
 .group         0x00000000        0xc ./src/S32K144_IT.o
 .group         0x00000000        0xc ./src/S32K144_IT.o
 .group         0x00000000        0xc ./src/S32K144_IT.o
 .group         0x00000000        0xc ./src/S32K144_IT.o
 .group         0x00000000        0xc ./src/S32K144_IT.o
 .group         0x00000000        0xc ./src/S32K144_IT.o
 .group         0x00000000        0xc ./src/S32K144_IT.o
 .group         0x00000000        0xc ./src/S32K144_IT.o
 .group         0x00000000        0xc ./src/S32K144_IT.o
 .text          0x00000000        0x0 ./src/S32K144_IT.o
 .data          0x00000000        0x0 ./src/S32K144_IT.o
 .bss           0x00000000        0x0 ./src/S32K144_IT.o
 .text.PORTC_IRQHandler
                0x00000000        0xc ./src/S32K144_IT.o
 .text.ADC0_IRQHandler
                0x00000000        0xc ./src/S32K144_IT.o
 .debug_info    0x00000000       0x99 ./src/S32K144_IT.o
 .debug_abbrev  0x00000000       0x43 ./src/S32K144_IT.o
 .debug_aranges
                0x00000000       0x28 ./src/S32K144_IT.o
 .debug_ranges  0x00000000       0x18 ./src/S32K144_IT.o
 .debug_macro   0x00000000      0x112 ./src/S32K144_IT.o
 .debug_macro   0x00000000      0x8d4 ./src/S32K144_IT.o
 .debug_macro   0x00000000       0x19 ./src/S32K144_IT.o
 .debug_macro   0x00000000       0x22 ./src/S32K144_IT.o
 .debug_macro   0x00000000       0x8e ./src/S32K144_IT.o
 .debug_macro   0x00000000       0x51 ./src/S32K144_IT.o
 .debug_macro   0x00000000       0xef ./src/S32K144_IT.o
 .debug_macro   0x00000000       0x6a ./src/S32K144_IT.o
 .debug_macro   0x00000000      0x1df ./src/S32K144_IT.o
 .debug_macro   0x00000000     0xee90 ./src/S32K144_IT.o
 .debug_macro   0x00000000       0x3a ./src/S32K144_IT.o
 .debug_macro   0x00000000       0x34 ./src/S32K144_IT.o
 .debug_macro   0x00000000       0x10 ./src/S32K144_IT.o
 .debug_macro   0x00000000       0x7a ./src/S32K144_IT.o
 .debug_macro   0x00000000      0xbbe ./src/S32K144_IT.o
 .debug_macro   0x00000000       0x22 ./src/S32K144_IT.o
 .debug_macro   0x00000000       0x3a ./src/S32K144_IT.o
 .debug_macro   0x00000000       0x4c ./src/S32K144_IT.o
 .debug_line    0x00000000      0x3dc ./src/S32K144_IT.o
 .debug_str     0x00000000    0x69788 ./src/S32K144_IT.o
 .comment       0x00000000       0x7f ./src/S32K144_IT.o
 .debug_frame   0x00000000       0x50 ./src/S32K144_IT.o
 .ARM.attributes
                0x00000000       0x33 ./src/S32K144_IT.o
 .group         0x00000000        0xc ./src/main.o
 .group         0x00000000        0xc ./src/main.o
 .group         0x00000000        0xc ./src/main.o
 .group         0x00000000        0xc ./src/main.o
 .group         0x00000000        0xc ./src/main.o
 .group         0x00000000        0xc ./src/main.o
 .group         0x00000000        0xc ./src/main.o
 .group         0x00000000        0xc ./src/main.o
 .group         0x00000000        0xc ./src/main.o
 .group         0x00000000        0xc ./src/main.o
 .group         0x00000000        0xc ./src/main.o
 .group         0x00000000        0xc ./src/main.o
 .group         0x00000000        0xc ./src/main.o
 .group         0x00000000        0xc ./src/main.o
 .group         0x00000000        0xc ./src/main.o
 .group         0x00000000        0xc ./src/main.o
 .group         0x00000000        0xc ./src/main.o
 .group         0x00000000        0xc ./src/main.o
 .group         0x00000000        0xc ./src/main.o
 .group         0x00000000        0xc ./src/main.o
 .text          0x00000000        0x0 ./src/main.o
 .data          0x00000000        0x0 ./src/main.o
 .bss           0x00000000        0x0 ./src/main.o
 .debug_macro   0x00000000      0x8d4 ./src/main.o
 .debug_macro   0x00000000       0x19 ./src/main.o
 .debug_macro   0x00000000       0x22 ./src/main.o
 .debug_macro   0x00000000       0x8e ./src/main.o
 .debug_macro   0x00000000       0x51 ./src/main.o
 .debug_macro   0x00000000       0xef ./src/main.o
 .debug_macro   0x00000000       0x6a ./src/main.o
 .debug_macro   0x00000000      0x1df ./src/main.o
 .debug_macro   0x00000000     0xee90 ./src/main.o
 .debug_macro   0x00000000       0x3a ./src/main.o
 .debug_macro   0x00000000       0x34 ./src/main.o
 .debug_macro   0x00000000       0x10 ./src/main.o
 .debug_macro   0x00000000       0x7a ./src/main.o
 .debug_macro   0x00000000      0xbbe ./src/main.o
 .debug_macro   0x00000000       0x22 ./src/main.o
 .debug_macro   0x00000000       0x3a ./src/main.o
 .debug_macro   0x00000000       0x4c ./src/main.o
 .debug_macro   0x00000000       0x70 ./src/main.o
 .text          0x00000000        0x0 D:/AppSetup/NXP/S32DS.3.5/S32DS/build_tools/gcc_b1620/gcc-6.3-arm32-eabi/arm-none-eabi/newlib/lib/thumb/v7e-m\libc.a(lib_a-exit.o)
 .data          0x00000000        0x0 D:/AppSetup/NXP/S32DS.3.5/S32DS/build_tools/gcc_b1620/gcc-6.3-arm32-eabi/arm-none-eabi/newlib/lib/thumb/v7e-m\libc.a(lib_a-exit.o)
 .bss           0x00000000        0x0 D:/AppSetup/NXP/S32DS.3.5/S32DS/build_tools/gcc_b1620/gcc-6.3-arm32-eabi/arm-none-eabi/newlib/lib/thumb/v7e-m\libc.a(lib_a-exit.o)
 .text          0x00000000        0x0 D:/AppSetup/NXP/S32DS.3.5/S32DS/build_tools/gcc_b1620/gcc-6.3-arm32-eabi/arm-none-eabi/newlib/lib/thumb/v7e-m\libc.a(lib_a-impure.o)
 .data          0x00000000        0x0 D:/AppSetup/NXP/S32DS.3.5/S32DS/build_tools/gcc_b1620/gcc-6.3-arm32-eabi/arm-none-eabi/newlib/lib/thumb/v7e-m\libc.a(lib_a-impure.o)
 .bss           0x00000000        0x0 D:/AppSetup/NXP/S32DS.3.5/S32DS/build_tools/gcc_b1620/gcc-6.3-arm32-eabi/arm-none-eabi/newlib/lib/thumb/v7e-m\libc.a(lib_a-impure.o)
 .data._impure_ptr
                0x00000000        0x4 D:/AppSetup/NXP/S32DS.3.5/S32DS/build_tools/gcc_b1620/gcc-6.3-arm32-eabi/arm-none-eabi/newlib/lib/thumb/v7e-m\libc.a(lib_a-impure.o)
 .text          0x00000000        0x0 D:/AppSetup/NXP/S32DS.3.5/S32DS/build_tools/gcc_b1620/gcc-6.3-arm32-eabi/arm-none-eabi/newlib/lib/thumb/v7e-m\libc.a(lib_a-init.o)
 .data          0x00000000        0x0 D:/AppSetup/NXP/S32DS.3.5/S32DS/build_tools/gcc_b1620/gcc-6.3-arm32-eabi/arm-none-eabi/newlib/lib/thumb/v7e-m\libc.a(lib_a-init.o)
 .bss           0x00000000        0x0 D:/AppSetup/NXP/S32DS.3.5/S32DS/build_tools/gcc_b1620/gcc-6.3-arm32-eabi/arm-none-eabi/newlib/lib/thumb/v7e-m\libc.a(lib_a-init.o)
 .text          0x00000000        0x0 D:/AppSetup/NXP/S32DS.3.5/S32DS/build_tools/gcc_b1620/gcc-6.3-arm32-eabi/arm-none-eabi/newlib/lib/thumb/v7e-m\libc.a(lib_a-memset.o)
 .data          0x00000000        0x0 D:/AppSetup/NXP/S32DS.3.5/S32DS/build_tools/gcc_b1620/gcc-6.3-arm32-eabi/arm-none-eabi/newlib/lib/thumb/v7e-m\libc.a(lib_a-memset.o)
 .bss           0x00000000        0x0 D:/AppSetup/NXP/S32DS.3.5/S32DS/build_tools/gcc_b1620/gcc-6.3-arm32-eabi/arm-none-eabi/newlib/lib/thumb/v7e-m\libc.a(lib_a-memset.o)
 .text          0x00000000        0x0 D:/AppSetup/NXP/S32DS.3.5/S32DS/build_tools/gcc_b1620/gcc-6.3-arm32-eabi/arm-none-eabi/newlib/lib/thumb/v7e-m\libc.a(lib_a-__call_atexit.o)
 .data          0x00000000        0x0 D:/AppSetup/NXP/S32DS.3.5/S32DS/build_tools/gcc_b1620/gcc-6.3-arm32-eabi/arm-none-eabi/newlib/lib/thumb/v7e-m\libc.a(lib_a-__call_atexit.o)
 .bss           0x00000000        0x0 D:/AppSetup/NXP/S32DS.3.5/S32DS/build_tools/gcc_b1620/gcc-6.3-arm32-eabi/arm-none-eabi/newlib/lib/thumb/v7e-m\libc.a(lib_a-__call_atexit.o)
 .text          0x00000000        0x0 D:/AppSetup/NXP/S32DS.3.5/S32DS/build_tools/gcc_b1620/gcc-6.3-arm32-eabi/arm-none-eabi/newlib/lib/thumb/v7e-m\libc.a(lib_a-fini.o)
 .data          0x00000000        0x0 D:/AppSetup/NXP/S32DS.3.5/S32DS/build_tools/gcc_b1620/gcc-6.3-arm32-eabi/arm-none-eabi/newlib/lib/thumb/v7e-m\libc.a(lib_a-fini.o)
 .bss           0x00000000        0x0 D:/AppSetup/NXP/S32DS.3.5/S32DS/build_tools/gcc_b1620/gcc-6.3-arm32-eabi/arm-none-eabi/newlib/lib/thumb/v7e-m\libc.a(lib_a-fini.o)
 .text          0x00000000        0x0 D:/AppSetup/NXP/S32DS.3.5/S32DS/build_tools/gcc_b1620/gcc-6.3-arm32-eabi/arm-none-eabi/newlib/lib/thumb/v7e-m\libc.a(lib_a-atexit.o)
 .data          0x00000000        0x0 D:/AppSetup/NXP/S32DS.3.5/S32DS/build_tools/gcc_b1620/gcc-6.3-arm32-eabi/arm-none-eabi/newlib/lib/thumb/v7e-m\libc.a(lib_a-atexit.o)
 .bss           0x00000000        0x0 D:/AppSetup/NXP/S32DS.3.5/S32DS/build_tools/gcc_b1620/gcc-6.3-arm32-eabi/arm-none-eabi/newlib/lib/thumb/v7e-m\libc.a(lib_a-atexit.o)
 .text          0x00000000        0x0 D:/AppSetup/NXP/S32DS.3.5/S32DS/build_tools/gcc_b1620/gcc-6.3-arm32-eabi/arm-none-eabi/newlib/lib/thumb/v7e-m\libc.a(lib_a-__atexit.o)
 .data          0x00000000        0x0 D:/AppSetup/NXP/S32DS.3.5/S32DS/build_tools/gcc_b1620/gcc-6.3-arm32-eabi/arm-none-eabi/newlib/lib/thumb/v7e-m\libc.a(lib_a-__atexit.o)
 .bss           0x00000000        0x0 D:/AppSetup/NXP/S32DS.3.5/S32DS/build_tools/gcc_b1620/gcc-6.3-arm32-eabi/arm-none-eabi/newlib/lib/thumb/v7e-m\libc.a(lib_a-__atexit.o)
 .text          0x00000000        0x0 D:/AppSetup/NXP/S32DS.3.5/S32DS/build_tools/gcc_b1620/gcc-6.3-arm32-eabi/arm-none-eabi/newlib/lib/thumb/v7e-m\libnosys.a(_exit.o)
 .data          0x00000000        0x0 D:/AppSetup/NXP/S32DS.3.5/S32DS/build_tools/gcc_b1620/gcc-6.3-arm32-eabi/arm-none-eabi/newlib/lib/thumb/v7e-m\libnosys.a(_exit.o)
 .bss           0x00000000        0x0 D:/AppSetup/NXP/S32DS.3.5/S32DS/build_tools/gcc_b1620/gcc-6.3-arm32-eabi/arm-none-eabi/newlib/lib/thumb/v7e-m\libnosys.a(_exit.o)
 .text          0x00000000        0x0 d:/appsetup/nxp/s32ds.3.5/s32ds/build_tools/gcc_b1620/gcc-6.3-arm32-eabi/bin/../lib/gcc/arm-none-eabi/6.3.1/thumb/v7e-m/crtend.o
 .data          0x00000000        0x0 d:/appsetup/nxp/s32ds.3.5/s32ds/build_tools/gcc_b1620/gcc-6.3-arm32-eabi/bin/../lib/gcc/arm-none-eabi/6.3.1/thumb/v7e-m/crtend.o
 .bss           0x00000000        0x0 d:/appsetup/nxp/s32ds.3.5/s32ds/build_tools/gcc_b1620/gcc-6.3-arm32-eabi/bin/../lib/gcc/arm-none-eabi/6.3.1/thumb/v7e-m/crtend.o
 .eh_frame      0x00000000        0x4 d:/appsetup/nxp/s32ds.3.5/s32ds/build_tools/gcc_b1620/gcc-6.3-arm32-eabi/bin/../lib/gcc/arm-none-eabi/6.3.1/thumb/v7e-m/crtend.o
 .text          0x00000000        0x0 d:/appsetup/nxp/s32ds.3.5/s32ds/build_tools/gcc_b1620/gcc-6.3-arm32-eabi/bin/../lib/gcc/arm-none-eabi/6.3.1/thumb/v7e-m/crtn.o
 .data          0x00000000        0x0 d:/appsetup/nxp/s32ds.3.5/s32ds/build_tools/gcc_b1620/gcc-6.3-arm32-eabi/bin/../lib/gcc/arm-none-eabi/6.3.1/thumb/v7e-m/crtn.o
 .bss           0x00000000        0x0 d:/appsetup/nxp/s32ds.3.5/s32ds/build_tools/gcc_b1620/gcc-6.3-arm32-eabi/bin/../lib/gcc/arm-none-eabi/6.3.1/thumb/v7e-m/crtn.o

Memory Configuration

Name             Origin             Length             Attributes
m_interrupts     0x00000000         0x00000400         xr
m_flash_config   0x00000400         0x00000010         xr
m_text           0x00000410         0x0007fbf0         xr
m_data           0x1fff8000         0x00008000         rw
m_data_2         0x20000000         0x00007000         rw
*default*        0x00000000         0xffffffff

Linker script and memory map

LOAD d:/appsetup/nxp/s32ds.3.5/s32ds/build_tools/gcc_b1620/gcc-6.3-arm32-eabi/bin/../lib/gcc/arm-none-eabi/6.3.1/thumb/v7e-m/crti.o
LOAD d:/appsetup/nxp/s32ds.3.5/s32ds/build_tools/gcc_b1620/gcc-6.3-arm32-eabi/bin/../lib/gcc/arm-none-eabi/6.3.1/thumb/v7e-m/crtbegin.o
LOAD D:/AppSetup/NXP/S32DS.3.5/S32DS/build_tools/gcc_b1620/gcc-6.3-arm32-eabi/arm-none-eabi/newlib/lib/thumb/v7e-m/crt0.o
LOAD ./Driver/CMSIS/Src/Core_Interrupt.o
LOAD ./Driver/CMSIS/Src/Core_Systick.o
LOAD ./Driver/CMSIS/Src/Driver_GPIO.o
LOAD ./Driver/HAL/Src/ADC.o
LOAD ./Driver/HAL/Src/Clock.o
LOAD ./Driver/HAL/Src/Driver_UART.o
LOAD ./Driver/HAL/Src/Timer.o
LOAD ./Project_Settings/Startup_Code/startup.o
LOAD ./Project_Settings/Startup_Code/startup_S32K144.o
LOAD ./Project_Settings/Startup_Code/system_S32K144.o
LOAD ./src/S32K144_IT.o
LOAD ./src/main.o
START GROUP
LOAD d:/appsetup/nxp/s32ds.3.5/s32ds/build_tools/gcc_b1620/gcc-6.3-arm32-eabi/bin/../lib/gcc/arm-none-eabi/6.3.1/thumb/v7e-m\libgcc.a
LOAD D:/AppSetup/NXP/S32DS.3.5/S32DS/build_tools/gcc_b1620/gcc-6.3-arm32-eabi/arm-none-eabi/newlib/lib/thumb/v7e-m\libc.a
END GROUP
START GROUP
LOAD d:/appsetup/nxp/s32ds.3.5/s32ds/build_tools/gcc_b1620/gcc-6.3-arm32-eabi/bin/../lib/gcc/arm-none-eabi/6.3.1/thumb/v7e-m\libgcc.a
LOAD D:/AppSetup/NXP/S32DS.3.5/S32DS/build_tools/gcc_b1620/gcc-6.3-arm32-eabi/arm-none-eabi/newlib/lib/thumb/v7e-m\libc.a
LOAD D:/AppSetup/NXP/S32DS.3.5/S32DS/build_tools/gcc_b1620/gcc-6.3-arm32-eabi/arm-none-eabi/newlib/lib/thumb/v7e-m\libnosys.a
END GROUP
LOAD d:/appsetup/nxp/s32ds.3.5/s32ds/build_tools/gcc_b1620/gcc-6.3-arm32-eabi/bin/../lib/gcc/arm-none-eabi/6.3.1/thumb/v7e-m/crtend.o
LOAD d:/appsetup/nxp/s32ds.3.5/s32ds/build_tools/gcc_b1620/gcc-6.3-arm32-eabi/bin/../lib/gcc/arm-none-eabi/6.3.1/thumb/v7e-m/crtn.o
                0x00000400                HEAP_SIZE = DEFINED (__heap_size__)?__heap_size__:0x400
                0x00000400                STACK_SIZE = DEFINED (__stack_size__)?__stack_size__:0x400
                0x00000400                M_VECTOR_RAM_SIZE = DEFINED (__flash_vector_table__)?0x0:0x400

.interrupts     0x00000000      0x400
                0x00000000                __VECTOR_TABLE = .
                0x00000000                __interrupts_start__ = .
                0x00000000                . = ALIGN (0x4)
 *(.isr_vector)
 .isr_vector    0x00000000      0x400 ./Project_Settings/Startup_Code/startup_S32K144.o
                0x00000000                __isr_vector
                0x00000400                __interrupts_end__ = .
                0x00000400                . = ALIGN (0x4)

.flash_config   0x00000400       0x10
                0x00000400                . = ALIGN (0x4)
 *(.FlashConfig)
 .FlashConfig   0x00000400       0x10 ./Project_Settings/Startup_Code/startup_S32K144.o
                0x00000410                . = ALIGN (0x4)

.text           0x00000410     0x1394
                0x00000410                . = ALIGN (0x4)
 *(.text)
 .text          0x00000410       0xa4 d:/appsetup/nxp/s32ds.3.5/s32ds/build_tools/gcc_b1620/gcc-6.3-arm32-eabi/bin/../lib/gcc/arm-none-eabi/6.3.1/thumb/v7e-m/crtbegin.o
 .text          0x000004b4       0x7c D:/AppSetup/NXP/S32DS.3.5/S32DS/build_tools/gcc_b1620/gcc-6.3-arm32-eabi/arm-none-eabi/newlib/lib/thumb/v7e-m/crt0.o
                0x000004b4                _stack_init
                0x000004bc                _start
                0x000004bc                _mainCRTStartup
 .text          0x00000530       0x6c ./Project_Settings/Startup_Code/startup_S32K144.o
                0x00000530                Reset_Handler
                0x00000598                DebugMon_Handler
                0x00000598                Reserved88_IRQHandler
                0x00000598                CAN0_ORed_IRQHandler
                0x00000598                HardFault_Handler
                0x00000598                Reserved86_IRQHandler
                0x00000598                Reserved103_IRQHandler
                0x00000598                FTM2_Ovf_Reload_IRQHandler
                0x00000598                Reserved50_IRQHandler
                0x00000598                FTFC_Fault_IRQHandler
                0x00000598                FTM0_Ch6_Ch7_IRQHandler
                0x00000598                Reserved114_IRQHandler
                0x00000598                PendSV_Handler
                0x00000598                NMI_Handler
                0x00000598                Reserved89_IRQHandler
                0x00000598                ERM_double_fault_IRQHandler
                0x00000598                DMA2_IRQHandler
                0x00000598                Reserved59_IRQHandler
                0x00000598                LPIT0_Ch0_IRQHandler
                0x00000598                Reserved99_IRQHandler
                0x00000598                FTM3_Ch6_Ch7_IRQHandler
                0x00000598                CAN2_ORed_0_15_MB_IRQHandler
                0x00000598                LPIT0_Ch3_IRQHandler
                0x00000598                Reserved92_IRQHandler
                0x00000598                FTM0_Ch4_Ch5_IRQHandler
                0x00000598                CAN1_Error_IRQHandler
                0x00000598                FTM3_Ch0_Ch1_IRQHandler
                0x00000598                SWI_IRQHandler
                0x00000598                FTM2_Ch4_Ch5_IRQHandler
                0x00000598                UsageFault_Handler
                0x00000598                FTM0_Ovf_Reload_IRQHandler
                0x00000598                DefaultISR
                0x00000598                DMA9_IRQHandler
                0x00000598                Reserved58_IRQHandler
                0x00000598                CAN1_ORed_0_15_MB_IRQHandler
                0x00000598                FTM1_Ch2_Ch3_IRQHandler
                0x00000598                DMA14_IRQHandler
                0x00000598                Reserved82_IRQHandler
                0x00000598                CAN0_ORed_16_31_MB_IRQHandler
                0x00000598                LPI2C0_Slave_IRQHandler
                0x00000598                Reserved71_IRQHandler
                0x00000598                PORTD_IRQHandler
                0x00000598                Reserved69_IRQHandler
                0x00000598                PORTB_IRQHandler
                0x00000598                Reserved70_IRQHandler
                0x00000598                ADC1_IRQHandler
                0x00000598                FTM2_Ch2_Ch3_IRQHandler
                0x00000598                Reserved53_IRQHandler
                0x00000598                DMA5_IRQHandler
                0x00000598                RTC_IRQHandler
                0x00000598                PDB0_IRQHandler
                0x00000598                Reserved54_IRQHandler
                0x00000598                FTM2_Ch6_Ch7_IRQHandler
                0x00000598                FTM3_Ch2_Ch3_IRQHandler
                0x00000598                FTM2_Ch0_Ch1_IRQHandler
                0x00000598                LPSPI1_IRQHandler
                0x00000598                LPUART1_RxTx_IRQHandler
                0x00000598                RTC_Seconds_IRQHandler
                0x00000598                CAN2_ORed_IRQHandler
                0x00000598                Reserved72_IRQHandler
                0x00000598                Reserved110_IRQHandler
                0x00000598                DMA11_IRQHandler
                0x00000598                Reserved107_IRQHandler
                0x00000598                Read_Collision_IRQHandler
                0x00000598                CAN2_Error_IRQHandler
                0x00000598                FTFC_IRQHandler
                0x00000598                DMA7_IRQHandler
                0x00000598                FTM1_Ch6_Ch7_IRQHandler
                0x00000598                Reserved105_IRQHandler
                0x00000598                LPIT0_Ch1_IRQHandler
                0x00000598                FTM1_Ch4_Ch5_IRQHandler
                0x00000598                FTM3_Ovf_Reload_IRQHandler
                0x00000598                LPUART2_RxTx_IRQHandler
                0x00000598                LPSPI0_IRQHandler
                0x00000598                WDOG_EWM_IRQHandler
                0x00000598                MemManage_Handler
                0x00000598                Reserved90_IRQHandler
                0x00000598                Reserved83_IRQHandler
                0x00000598                FTM0_Fault_IRQHandler
                0x00000598                Reserved48_IRQHandler
                0x00000598                SVC_Handler
                0x00000598                ERM_single_fault_IRQHandler
                0x00000598                FTM2_Fault_IRQHandler
                0x00000598                FTM0_Ch2_Ch3_IRQHandler
                0x00000598                DMA13_IRQHandler
                0x00000598                FTM0_Ch0_Ch1_IRQHandler
                0x00000598                FTM3_Fault_IRQHandler
                0x00000598                RCM_IRQHandler
                0x00000598                DMA3_IRQHandler
                0x00000598                Reserved100_IRQHandler
                0x00000598                DMA0_IRQHandler
                0x00000598                Reserved91_IRQHandler
                0x00000598                CAN1_ORed_IRQHandler
                0x00000598                DMA15_IRQHandler
                0x00000598                SCG_IRQHandler
                0x00000598                PDB1_IRQHandler
                0x00000598                Reserved81_IRQHandler
                0x00000598                Reserved46_IRQHandler
                0x00000598                Reserved45_IRQHandler
                0x00000598                CAN0_Error_IRQHandler
                0x00000598                Reserved112_IRQHandler
                0x00000598                LPI2C0_Master_IRQHandler
                0x00000598                DMA4_IRQHandler
                0x00000598                FTM1_Fault_IRQHandler
                0x00000598                Reserved106_IRQHandler
                0x00000598                DMA_Error_IRQHandler
                0x00000598                LVD_LVW_IRQHandler
                0x00000598                LPIT0_Ch2_IRQHandler
                0x00000598                PORTA_IRQHandler
                0x00000598                MCM_IRQHandler
                0x00000598                LPSPI2_IRQHandler
                0x00000598                DMA12_IRQHandler
                0x00000598                FTM3_Ch4_Ch5_IRQHandler
                0x00000598                CAN0_ORed_0_15_MB_IRQHandler
                0x00000598                PORTE_IRQHandler
                0x00000598                LPUART0_RxTx_IRQHandler
                0x00000598                LPTMR0_IRQHandler
                0x00000598                BusFault_Handler
                0x00000598                Reserved87_IRQHandler
                0x00000598                FTM1_Ovf_Reload_IRQHandler
                0x00000598                DMA8_IRQHandler
                0x00000598                Reserved93_IRQHandler
                0x00000598                DMA10_IRQHandler
                0x00000598                CAN0_Wake_Up_IRQHandler
                0x00000598                CMP0_IRQHandler
                0x00000598                Reserved52_IRQHandler
                0x00000598                PORTC_IRQHandler
                0x00000598                DMA6_IRQHandler
                0x00000598                FTM1_Ch0_Ch1_IRQHandler
                0x00000598                FLEXIO_IRQHandler
                0x00000598                DMA1_IRQHandler
                0x00000598                Reserved113_IRQHandler
 *(.text*)
 .text.NVIC_EnableIRQ
                0x0000059c       0x48 ./Driver/CMSIS/Src/Core_Interrupt.o
                0x0000059c                NVIC_EnableIRQ
 .text.SysTick_Config
                0x000005e4       0x48 ./Driver/CMSIS/Src/Core_Systick.o
                0x000005e4                SysTick_Config
 .text.SysTick_DeInit
                0x0000062c       0x2c ./Driver/CMSIS/Src/Core_Systick.o
                0x0000062c                SysTick_DeInit
 .text.SysTick_Handler
                0x00000658       0x1c ./Driver/CMSIS/Src/Core_Systick.o
                0x00000658                SysTick_Handler
 .text.getTick  0x00000674       0x14 ./Driver/CMSIS/Src/Core_Systick.o
                0x00000674                getTick
 .text.Delay_ms
                0x00000688       0x28 ./Driver/CMSIS/Src/Core_Systick.o
                0x00000688                Delay_ms
 .text.ARM_GPIO_Setup
                0x000006b0       0x9c ./Driver/CMSIS/Src/Driver_GPIO.o
                0x000006b0                ARM_GPIO_Setup
 .text.ARM_GPIO_SetDirection
                0x0000074c       0x86 ./Driver/CMSIS/Src/Driver_GPIO.o
                0x0000074c                ARM_GPIO_SetDirection
 .text.ARM_GPIO_SetOutputMode
                0x000007d2       0x88 ./Driver/CMSIS/Src/Driver_GPIO.o
                0x000007d2                ARM_GPIO_SetOutputMode
 .text.ARM_GPIO_SetPullResistor
                0x0000085a       0x90 ./Driver/CMSIS/Src/Driver_GPIO.o
                0x0000085a                ARM_GPIO_SetPullResistor
 *fill*         0x000008ea        0x2 
 .text.ARM_GPIO_SetEventTrigger
                0x000008ec       0xc4 ./Driver/CMSIS/Src/Driver_GPIO.o
                0x000008ec                ARM_GPIO_SetEventTrigger
 .text.ARM_GPIO_SetOutput
                0x000009b0       0x5e ./Driver/CMSIS/Src/Driver_GPIO.o
                0x000009b0                ARM_GPIO_SetOutput
 .text.ARM_GPIO_ToggleOutput
                0x00000a0e       0x4a ./Driver/CMSIS/Src/Driver_GPIO.o
                0x00000a0e                ARM_GPIO_ToggleOutput
 .text.ARM_GPIO_GetInput
                0x00000a58       0x4e ./Driver/CMSIS/Src/Driver_GPIO.o
                0x00000a58                ARM_GPIO_GetInput
 .text.ADC_EnableCLK
                0x00000aa6       0x2c ./Driver/HAL/Src/ADC.o
                0x00000aa6                ADC_EnableCLK
 .text.ADC_SetResolution
                0x00000ad2       0x3e ./Driver/HAL/Src/ADC.o
 .text.ADC_SetTrigger
                0x00000b10       0x58 ./Driver/HAL/Src/ADC.o
 .text.ADC_SetRef
                0x00000b68       0x56 ./Driver/HAL/Src/ADC.o
 .text.ADC_SetMode
                0x00000bbe       0x58 ./Driver/HAL/Src/ADC.o
 .text.ADC_InterruptEnable
                0x00000c16       0x68 ./Driver/HAL/Src/ADC.o
 .text.ADC_Start
                0x00000c7e       0x5a ./Driver/HAL/Src/ADC.o
 .text.ADC_Read
                0x00000cd8       0x2c ./Driver/HAL/Src/ADC.o
 .text.ADC_IsConversionDone
                0x00000d04       0x4c ./Driver/HAL/Src/ADC.o
 .text.Clock_Enable_FastIRC
                0x00000d50       0x78 ./Driver/HAL/Src/Clock.o
                0x00000d50                Clock_Enable_FastIRC
 .text.Clock_Enable_Module
                0x00000dc8       0x48 ./Driver/HAL/Src/Clock.o
                0x00000dc8                Clock_Enable_Module
 .text.ARM_USART_Pin
                0x00000e10       0x44 ./Driver/HAL/Src/Driver_UART.o
 .text.ARM_USART_SetBaudrate
                0x00000e54       0x88 ./Driver/HAL/Src/Driver_UART.o
 .text.ARM_USART_SetDataLength
                0x00000edc       0xf8 ./Driver/HAL/Src/Driver_UART.o
 .text.ARM_USART_SetParity
                0x00000fd4       0xa6 ./Driver/HAL/Src/Driver_UART.o
 .text.ARM_USART_SetShiftDirection
                0x0000107a       0x4e ./Driver/HAL/Src/Driver_UART.o
 .text.ARM_USART_SetStopBit
                0x000010c8       0x6c ./Driver/HAL/Src/Driver_UART.o
 .text.ARM_USART_Uninitialize
                0x00001134       0x14 ./Driver/HAL/Src/Driver_UART.o
 .text.ARM_USART_Transmit
                0x00001148       0x98 ./Driver/HAL/Src/Driver_UART.o
 .text.ARM_USART_Receive
                0x000011e0       0x84 ./Driver/HAL/Src/Driver_UART.o
 .text.ARM_USART_Init
                0x00001264       0x7c ./Driver/HAL/Src/Driver_UART.o
 .text.init_data_bss
                0x000012e0      0x128 ./Project_Settings/Startup_Code/startup.o
                0x000012e0                init_data_bss
 .text.SystemInit
                0x00001408       0x30 ./Project_Settings/Startup_Code/system_S32K144.o
                0x00001408                SystemInit
 .text.main     0x00001438       0x5c ./src/main.o
                0x00001438                main
 .text.Clock_Setup
                0x00001494       0x34 ./src/main.o
 .text.UART_Setup
                0x000014c8       0x40 ./src/main.o
 .text.ADC_Setup
                0x00001508       0x54 ./src/main.o
 .text.GPIO_Setup
                0x0000155c       0x2c ./src/main.o
 .text.ADC0_IRQHandler
                0x00001588       0x30 ./src/main.o
                0x00001588                ADC0_IRQHandler
 .text.exit     0x000015b8       0x20 D:/AppSetup/NXP/S32DS.3.5/S32DS/build_tools/gcc_b1620/gcc-6.3-arm32-eabi/arm-none-eabi/newlib/lib/thumb/v7e-m\libc.a(lib_a-exit.o)
                0x000015b8                exit
 .text.__libc_init_array
                0x000015d8       0x48 D:/AppSetup/NXP/S32DS.3.5/S32DS/build_tools/gcc_b1620/gcc-6.3-arm32-eabi/arm-none-eabi/newlib/lib/thumb/v7e-m\libc.a(lib_a-init.o)
                0x000015d8                __libc_init_array
 .text.memset   0x00001620       0x10 D:/AppSetup/NXP/S32DS.3.5/S32DS/build_tools/gcc_b1620/gcc-6.3-arm32-eabi/arm-none-eabi/newlib/lib/thumb/v7e-m\libc.a(lib_a-memset.o)
                0x00001620                memset
 .text.startup.register_fini
                0x00001630       0x14 D:/AppSetup/NXP/S32DS.3.5/S32DS/build_tools/gcc_b1620/gcc-6.3-arm32-eabi/arm-none-eabi/newlib/lib/thumb/v7e-m\libc.a(lib_a-__call_atexit.o)
 .text.__call_exitprocs
                0x00001644       0x98 D:/AppSetup/NXP/S32DS.3.5/S32DS/build_tools/gcc_b1620/gcc-6.3-arm32-eabi/arm-none-eabi/newlib/lib/thumb/v7e-m\libc.a(lib_a-__call_atexit.o)
                0x00001644                __call_exitprocs
 .text.__libc_fini_array
                0x000016dc       0x28 D:/AppSetup/NXP/S32DS.3.5/S32DS/build_tools/gcc_b1620/gcc-6.3-arm32-eabi/arm-none-eabi/newlib/lib/thumb/v7e-m\libc.a(lib_a-fini.o)
                0x000016dc                __libc_fini_array
 .text.atexit   0x00001704        0xc D:/AppSetup/NXP/S32DS.3.5/S32DS/build_tools/gcc_b1620/gcc-6.3-arm32-eabi/arm-none-eabi/newlib/lib/thumb/v7e-m\libc.a(lib_a-atexit.o)
                0x00001704                atexit
 .text.__register_exitproc
                0x00001710       0x64 D:/AppSetup/NXP/S32DS.3.5/S32DS/build_tools/gcc_b1620/gcc-6.3-arm32-eabi/arm-none-eabi/newlib/lib/thumb/v7e-m\libc.a(lib_a-__atexit.o)
                0x00001710                __register_exitproc
 .text._exit    0x00001774        0x2 D:/AppSetup/NXP/S32DS.3.5/S32DS/build_tools/gcc_b1620/gcc-6.3-arm32-eabi/arm-none-eabi/newlib/lib/thumb/v7e-m\libnosys.a(_exit.o)
                0x00001774                _exit
 *(.rodata)
 *(.rodata*)
 *fill*         0x00001776        0x2 
 .rodata.Driver_UART
                0x00001778       0x10 ./Driver/HAL/Src/Driver_UART.o
                0x00001778                Driver_UART
 .rodata._global_impure_ptr
                0x00001788        0x4 D:/AppSetup/NXP/S32DS.3.5/S32DS/build_tools/gcc_b1620/gcc-6.3-arm32-eabi/arm-none-eabi/newlib/lib/thumb/v7e-m\libc.a(lib_a-impure.o)
                0x00001788                _global_impure_ptr
 *(.glue_7)
 .glue_7        0x0000178c        0x0 linker stubs
 *(.glue_7t)
 .glue_7t       0x0000178c        0x0 linker stubs
 *(.eh_frame)
 .eh_frame      0x0000178c        0x0 d:/appsetup/nxp/s32ds.3.5/s32ds/build_tools/gcc_b1620/gcc-6.3-arm32-eabi/bin/../lib/gcc/arm-none-eabi/6.3.1/thumb/v7e-m/crtbegin.o
 *(.init)
 .init          0x0000178c        0x4 d:/appsetup/nxp/s32ds.3.5/s32ds/build_tools/gcc_b1620/gcc-6.3-arm32-eabi/bin/../lib/gcc/arm-none-eabi/6.3.1/thumb/v7e-m/crti.o
                0x0000178c                _init
 .init          0x00001790        0x8 d:/appsetup/nxp/s32ds.3.5/s32ds/build_tools/gcc_b1620/gcc-6.3-arm32-eabi/bin/../lib/gcc/arm-none-eabi/6.3.1/thumb/v7e-m/crtn.o
 *(.fini)
 .fini          0x00001798        0x4 d:/appsetup/nxp/s32ds.3.5/s32ds/build_tools/gcc_b1620/gcc-6.3-arm32-eabi/bin/../lib/gcc/arm-none-eabi/6.3.1/thumb/v7e-m/crti.o
                0x00001798                _fini
 .fini          0x0000179c        0x8 d:/appsetup/nxp/s32ds.3.5/s32ds/build_tools/gcc_b1620/gcc-6.3-arm32-eabi/bin/../lib/gcc/arm-none-eabi/6.3.1/thumb/v7e-m/crtn.o
                0x000017a4                . = ALIGN (0x4)

.vfp11_veneer   0x000017a4        0x0
 .vfp11_veneer  0x000017a4        0x0 linker stubs

.v4_bx          0x000017a4        0x0
 .v4_bx         0x000017a4        0x0 linker stubs

.iplt           0x000017a4        0x0
 .iplt          0x000017a4        0x0 d:/appsetup/nxp/s32ds.3.5/s32ds/build_tools/gcc_b1620/gcc-6.3-arm32-eabi/bin/../lib/gcc/arm-none-eabi/6.3.1/thumb/v7e-m/crtbegin.o

.ARM.extab
 *(.ARM.extab* .gnu.linkonce.armextab.*)

.ARM            0x000017a4        0x8
                0x000017a4                __exidx_start = .
 *(.ARM.exidx*)
 .ARM.exidx     0x000017a4        0x8 D:/AppSetup/NXP/S32DS.3.5/S32DS/build_tools/gcc_b1620/gcc-6.3-arm32-eabi/arm-none-eabi/newlib/lib/thumb/v7e-m/crt0.o
                                 0x10 (size before relaxing)
                0x000017ac                __exidx_end = .

.rel.dyn        0x000017ac        0x0
 .rel.iplt      0x000017ac        0x0 d:/appsetup/nxp/s32ds.3.5/s32ds/build_tools/gcc_b1620/gcc-6.3-arm32-eabi/bin/../lib/gcc/arm-none-eabi/6.3.1/thumb/v7e-m/crtbegin.o

.ctors          0x000017ac        0x0
                0x000017ac                __CTOR_LIST__ = .
 *crtbegin.o(.ctors)
 *crtbegin?.o(.ctors)
 *(EXCLUDE_FILE(*crtend.o *crtend?.o) .ctors)
 *(SORT_BY_NAME(.ctors.*))
 *(.ctors)
                0x000017ac                __CTOR_END__ = .

.dtors          0x000017ac        0x0
                0x000017ac                __DTOR_LIST__ = .
 *crtbegin.o(.dtors)
 *crtbegin?.o(.dtors)
 *(EXCLUDE_FILE(*crtend.o *crtend?.o) .dtors)
 *(SORT_BY_NAME(.dtors.*))
 *(.dtors)
                0x000017ac                __DTOR_END__ = .

.preinit_array  0x000017ac        0x0
                0x000017ac                PROVIDE (__preinit_array_start = .)
 *(.preinit_array*)
                0x000017ac                PROVIDE (__preinit_array_end = .)

.init_array     0x000017ac        0x8
                0x000017ac                PROVIDE (__init_array_start = .)
 *(SORT_BY_NAME(.init_array.*))
 .init_array.00000
                0x000017ac        0x4 D:/AppSetup/NXP/S32DS.3.5/S32DS/build_tools/gcc_b1620/gcc-6.3-arm32-eabi/arm-none-eabi/newlib/lib/thumb/v7e-m\libc.a(lib_a-__call_atexit.o)
 *(.init_array*)
 .init_array    0x000017b0        0x4 d:/appsetup/nxp/s32ds.3.5/s32ds/build_tools/gcc_b1620/gcc-6.3-arm32-eabi/bin/../lib/gcc/arm-none-eabi/6.3.1/thumb/v7e-m/crtbegin.o
                0x000017b4                PROVIDE (__init_array_end = .)

.fini_array     0x000017b4        0x4
                0x000017b4                PROVIDE (__fini_array_start = .)
 *(SORT_BY_NAME(.fini_array.*))
 *(.fini_array*)
 .fini_array    0x000017b4        0x4 d:/appsetup/nxp/s32ds.3.5/s32ds/build_tools/gcc_b1620/gcc-6.3-arm32-eabi/bin/../lib/gcc/arm-none-eabi/6.3.1/thumb/v7e-m/crtbegin.o
                0x000017b8                PROVIDE (__fini_array_end = .)
                0x000017b8                __etext = .
                0x000017b8                __DATA_ROM = .

.interrupts_ram
                0x1fff8000      0x400
                0x1fff8000                . = ALIGN (0x4)
                0x1fff8000                __VECTOR_RAM__ = .
                0x1fff8000                __RAM_START = .
                0x1fff8000                __interrupts_ram_start__ = .
 *(.m_interrupts_ram)
                0x1fff8400                . = (. + M_VECTOR_RAM_SIZE)
 *fill*         0x1fff8000      0x400 
                0x1fff8400                . = ALIGN (0x4)
                0x1fff8400                __interrupts_ram_end__ = .
                0x1fff8000                __VECTOR_RAM = DEFINED (__flash_vector_table__)?ORIGIN (m_interrupts):__VECTOR_RAM__
                0x00000400                __RAM_VECTOR_TABLE_SIZE = DEFINED (__flash_vector_table__)?0x0:(__interrupts_ram_end__ - __interrupts_ram_start__)

.data           0x1fff8400      0x464 load address 0x000017b8
                0x1fff8400                . = ALIGN (0x4)
                0x1fff8400                __DATA_RAM = .
                0x1fff8400                __data_start__ = .
 *(.data)
 *(.data*)
 .data.Driver_GPIO
                0x1fff8400       0x20 ./Driver/CMSIS/Src/Driver_GPIO.o
                0x1fff8400                Driver_GPIO
 .data.ADC_Handle
                0x1fff8420       0x24 ./Driver/HAL/Src/ADC.o
                0x1fff8420                ADC_Handle
 *fill*         0x1fff8444        0x4 
 .data.impure_data
                0x1fff8448      0x418 D:/AppSetup/NXP/S32DS.3.5/S32DS/build_tools/gcc_b1620/gcc-6.3-arm32-eabi/arm-none-eabi/newlib/lib/thumb/v7e-m\libc.a(lib_a-impure.o)
 *(.jcr*)
 .jcr           0x1fff8860        0x0 d:/appsetup/nxp/s32ds.3.5/s32ds/build_tools/gcc_b1620/gcc-6.3-arm32-eabi/bin/../lib/gcc/arm-none-eabi/6.3.1/thumb/v7e-m/crtbegin.o
 .jcr           0x1fff8860        0x4 d:/appsetup/nxp/s32ds.3.5/s32ds/build_tools/gcc_b1620/gcc-6.3-arm32-eabi/bin/../lib/gcc/arm-none-eabi/6.3.1/thumb/v7e-m/crtend.o
                0x1fff8864                . = ALIGN (0x4)
                0x1fff8864                __data_end__ = .
                0x00001c1c                __DATA_END = (__DATA_ROM + (__data_end__ - __data_start__))
                0x00001c1c                __CODE_ROM = __DATA_END

.tm_clone_table
                0x1fff8864        0x0 load address 0x00001c1c
 .tm_clone_table
                0x1fff8864        0x0 d:/appsetup/nxp/s32ds.3.5/s32ds/build_tools/gcc_b1620/gcc-6.3-arm32-eabi/bin/../lib/gcc/arm-none-eabi/6.3.1/thumb/v7e-m/crtbegin.o
 .tm_clone_table
                0x1fff8864        0x0 d:/appsetup/nxp/s32ds.3.5/s32ds/build_tools/gcc_b1620/gcc-6.3-arm32-eabi/bin/../lib/gcc/arm-none-eabi/6.3.1/thumb/v7e-m/crtend.o

.igot.plt       0x1fff8864        0x0 load address 0x00001c1c
 .igot.plt      0x1fff8864        0x0 d:/appsetup/nxp/s32ds.3.5/s32ds/build_tools/gcc_b1620/gcc-6.3-arm32-eabi/bin/../lib/gcc/arm-none-eabi/6.3.1/thumb/v7e-m/crtbegin.o

.code           0x1fff8864        0x0 load address 0x00001c1c
                0x1fff8864                . = ALIGN (0x4)
                0x1fff8864                __CODE_RAM = .
                0x1fff8864                __code_start__ = .
                0x1fff8864                __code_ram_start__ = .
 *(.code_ram)
                0x1fff8864                . = ALIGN (0x4)
                0x1fff8864                __code_end__ = .
                0x1fff8864                __code_ram_end__ = .
                0x00001c1c                __CODE_END = (__CODE_ROM + (__code_end__ - __code_start__))
                0x00001c1c                __CUSTOM_ROM = __CODE_END

.customSectionBlock
                0x20000000        0x0 load address 0x00001c1c
                0x20000000                __customSection_start__ = .
 *(.customSection)
                0x20000000                __customSection_end__ = .
                0x00001c1c                __CUSTOM_END = (__CUSTOM_ROM + (__customSection_end__ - __customSection_start__))

.bss            0x20000000       0x34
                0x20000000                . = ALIGN (0x4)
                0x20000000                __BSS_START = .
                0x20000000                __bss_start__ = .
 *(.bss)
 .bss           0x20000000       0x1c d:/appsetup/nxp/s32ds.3.5/s32ds/build_tools/gcc_b1620/gcc-6.3-arm32-eabi/bin/../lib/gcc/arm-none-eabi/6.3.1/thumb/v7e-m/crtbegin.o
 *(.bss*)
 .bss.sysTick   0x2000001c        0x4 ./Driver/CMSIS/Src/Core_Systick.o
                0x2000001c                sysTick
 .bss.cb_signal_event
                0x20000020        0x4 ./Driver/CMSIS/Src/Driver_GPIO.o
 .bss.UART1     0x20000024        0xc ./src/main.o
                0x20000024                UART1
 .bss.data      0x20000030        0x4 ./src/main.o
                0x20000030                data
 *(COMMON)
                0x20000034                . = ALIGN (0x4)
                0x20000034                __bss_end__ = .
                0x20000034                __BSS_END = .

.heap           0x20000034      0x404
                0x20000038                . = ALIGN (0x8)
 *fill*         0x20000034        0x4 
                0x20000038                __end__ = .
                0x20000038                __heap_start__ = .
                [!provide]                PROVIDE (end = .)
                [!provide]                PROVIDE (_end = .)
                [!provide]                PROVIDE (__end = .)
                0x20000038                __HeapBase = .
                0x20000438                . = (. + HEAP_SIZE)
 *fill*         0x20000038      0x400 
                0x20000438                __HeapLimit = .
                0x20000438                __heap_limit = .
                0x20000438                __heap_end__ = .
                0x20007000                __StackTop = (ORIGIN (m_data_2) + LENGTH (m_data_2))
                0x20006c00                __StackLimit = (__StackTop - STACK_SIZE)
                0x20007000                PROVIDE (__stack = __StackTop)
                0x20007000                __RAM_END = __StackTop

.stack          0x20006c00      0x400
                0x20006c00                . = ALIGN (0x8)
                0x20006c00                __stack_start__ = .
                0x20007000                . = (. + STACK_SIZE)
 *fill*         0x20006c00      0x400 
                0x20007000                __stack_end__ = .
                0x20000000                __START_BSS = __BSS_START
                0x20000034                __END_BSS = __BSS_END
                0x20007000                __SP_INIT = __StackTop

.ARM.attributes
                0x00000000       0x2a
 *(.ARM.attributes)
 .ARM.attributes
                0x00000000       0x1e d:/appsetup/nxp/s32ds.3.5/s32ds/build_tools/gcc_b1620/gcc-6.3-arm32-eabi/bin/../lib/gcc/arm-none-eabi/6.3.1/thumb/v7e-m/crti.o
 .ARM.attributes
                0x0000001e       0x2e d:/appsetup/nxp/s32ds.3.5/s32ds/build_tools/gcc_b1620/gcc-6.3-arm32-eabi/bin/../lib/gcc/arm-none-eabi/6.3.1/thumb/v7e-m/crtbegin.o
 .ARM.attributes
                0x0000004c       0x1c D:/AppSetup/NXP/S32DS.3.5/S32DS/build_tools/gcc_b1620/gcc-6.3-arm32-eabi/arm-none-eabi/newlib/lib/thumb/v7e-m/crt0.o
 .ARM.attributes
                0x00000068       0x33 ./Driver/CMSIS/Src/Core_Interrupt.o
 .ARM.attributes
                0x0000009b       0x33 ./Driver/CMSIS/Src/Core_Systick.o
 .ARM.attributes
                0x000000ce       0x33 ./Driver/CMSIS/Src/Driver_GPIO.o
 .ARM.attributes
                0x00000101       0x33 ./Driver/HAL/Src/ADC.o
 .ARM.attributes
                0x00000134       0x33 ./Driver/HAL/Src/Clock.o
 .ARM.attributes
                0x00000167       0x33 ./Driver/HAL/Src/Driver_UART.o
 .ARM.attributes
                0x0000019a       0x33 ./Project_Settings/Startup_Code/startup.o
 .ARM.attributes
                0x000001cd       0x1b ./Project_Settings/Startup_Code/startup_S32K144.o
 .ARM.attributes
                0x000001e8       0x33 ./Project_Settings/Startup_Code/system_S32K144.o
 .ARM.attributes
                0x0000021b       0x33 ./src/main.o
 .ARM.attributes
                0x0000024e       0x2e D:/AppSetup/NXP/S32DS.3.5/S32DS/build_tools/gcc_b1620/gcc-6.3-arm32-eabi/arm-none-eabi/newlib/lib/thumb/v7e-m\libc.a(lib_a-exit.o)
 .ARM.attributes
                0x0000027c       0x2e D:/AppSetup/NXP/S32DS.3.5/S32DS/build_tools/gcc_b1620/gcc-6.3-arm32-eabi/arm-none-eabi/newlib/lib/thumb/v7e-m\libc.a(lib_a-impure.o)
 .ARM.attributes
                0x000002aa       0x2e D:/AppSetup/NXP/S32DS.3.5/S32DS/build_tools/gcc_b1620/gcc-6.3-arm32-eabi/arm-none-eabi/newlib/lib/thumb/v7e-m\libc.a(lib_a-init.o)
 .ARM.attributes
                0x000002d8       0x2e D:/AppSetup/NXP/S32DS.3.5/S32DS/build_tools/gcc_b1620/gcc-6.3-arm32-eabi/arm-none-eabi/newlib/lib/thumb/v7e-m\libc.a(lib_a-memset.o)
 .ARM.attributes
                0x00000306       0x2e D:/AppSetup/NXP/S32DS.3.5/S32DS/build_tools/gcc_b1620/gcc-6.3-arm32-eabi/arm-none-eabi/newlib/lib/thumb/v7e-m\libc.a(lib_a-__call_atexit.o)
 .ARM.attributes
                0x00000334       0x2e D:/AppSetup/NXP/S32DS.3.5/S32DS/build_tools/gcc_b1620/gcc-6.3-arm32-eabi/arm-none-eabi/newlib/lib/thumb/v7e-m\libc.a(lib_a-fini.o)
 .ARM.attributes
                0x00000362       0x2e D:/AppSetup/NXP/S32DS.3.5/S32DS/build_tools/gcc_b1620/gcc-6.3-arm32-eabi/arm-none-eabi/newlib/lib/thumb/v7e-m\libc.a(lib_a-atexit.o)
 .ARM.attributes
                0x00000390       0x2e D:/AppSetup/NXP/S32DS.3.5/S32DS/build_tools/gcc_b1620/gcc-6.3-arm32-eabi/arm-none-eabi/newlib/lib/thumb/v7e-m\libc.a(lib_a-__atexit.o)
 .ARM.attributes
                0x000003be       0x2e D:/AppSetup/NXP/S32DS.3.5/S32DS/build_tools/gcc_b1620/gcc-6.3-arm32-eabi/arm-none-eabi/newlib/lib/thumb/v7e-m\libnosys.a(_exit.o)
 .ARM.attributes
                0x000003ec       0x2e d:/appsetup/nxp/s32ds.3.5/s32ds/build_tools/gcc_b1620/gcc-6.3-arm32-eabi/bin/../lib/gcc/arm-none-eabi/6.3.1/thumb/v7e-m/crtend.o
 .ARM.attributes
                0x0000041a       0x1e d:/appsetup/nxp/s32ds.3.5/s32ds/build_tools/gcc_b1620/gcc-6.3-arm32-eabi/bin/../lib/gcc/arm-none-eabi/6.3.1/thumb/v7e-m/crtn.o
                0x00000001                ASSERT ((__StackLimit >= __HeapLimit), region m_data_2 overflowed with stack and heap)
OUTPUT(MCU_MediaPlayer.elf elf32-littlearm)

.comment        0x00000000       0x7e
 .comment       0x00000000       0x7e d:/appsetup/nxp/s32ds.3.5/s32ds/build_tools/gcc_b1620/gcc-6.3-arm32-eabi/bin/../lib/gcc/arm-none-eabi/6.3.1/thumb/v7e-m/crtbegin.o
                                 0x7f (size before relaxing)
 .comment       0x0000007e       0x7f ./Driver/CMSIS/Src/Core_Interrupt.o
 .comment       0x0000007e       0x7f ./Driver/CMSIS/Src/Core_Systick.o
 .comment       0x0000007e       0x7f ./Driver/CMSIS/Src/Driver_GPIO.o
 .comment       0x0000007e       0x7f ./Driver/HAL/Src/ADC.o
 .comment       0x0000007e       0x7f ./Driver/HAL/Src/Clock.o
 .comment       0x0000007e       0x7f ./Driver/HAL/Src/Driver_UART.o
 .comment       0x0000007e       0x7f ./Project_Settings/Startup_Code/startup.o
 .comment       0x0000007e       0x7f ./Project_Settings/Startup_Code/system_S32K144.o
 .comment       0x0000007e       0x7f ./src/main.o
 .comment       0x0000007e       0x7f d:/appsetup/nxp/s32ds.3.5/s32ds/build_tools/gcc_b1620/gcc-6.3-arm32-eabi/bin/../lib/gcc/arm-none-eabi/6.3.1/thumb/v7e-m/crtend.o

.debug_info     0x00000000     0x3603
 .debug_info    0x00000000      0x4c9 ./Driver/CMSIS/Src/Core_Interrupt.o
 .debug_info    0x000004c9      0x17f ./Driver/CMSIS/Src/Core_Systick.o
 .debug_info    0x00000648      0x86b ./Driver/CMSIS/Src/Driver_GPIO.o
 .debug_info    0x00000eb3      0x7a3 ./Driver/HAL/Src/ADC.o
 .debug_info    0x00001656      0x351 ./Driver/HAL/Src/Clock.o
 .debug_info    0x000019a7      0x5e9 ./Driver/HAL/Src/Driver_UART.o
 .debug_info    0x00001f90      0x471 ./Project_Settings/Startup_Code/startup.o
 .debug_info    0x00002401       0x26 ./Project_Settings/Startup_Code/startup_S32K144.o
 .debug_info    0x00002427      0x522 ./Project_Settings/Startup_Code/system_S32K144.o
 .debug_info    0x00002949      0xcba ./src/main.o

.debug_abbrev   0x00000000      0xbbc
 .debug_abbrev  0x00000000      0x105 ./Driver/CMSIS/Src/Core_Interrupt.o
 .debug_abbrev  0x00000105      0x129 ./Driver/CMSIS/Src/Core_Systick.o
 .debug_abbrev  0x0000022e      0x1af ./Driver/CMSIS/Src/Driver_GPIO.o
 .debug_abbrev  0x000003dd      0x16d ./Driver/HAL/Src/ADC.o
 .debug_abbrev  0x0000054a      0x112 ./Driver/HAL/Src/Clock.o
 .debug_abbrev  0x0000065c      0x18f ./Driver/HAL/Src/Driver_UART.o
 .debug_abbrev  0x000007eb      0x108 ./Project_Settings/Startup_Code/startup.o
 .debug_abbrev  0x000008f3       0x14 ./Project_Settings/Startup_Code/startup_S32K144.o
 .debug_abbrev  0x00000907      0x125 ./Project_Settings/Startup_Code/system_S32K144.o
 .debug_abbrev  0x00000a2c      0x190 ./src/main.o

.debug_aranges  0x00000000      0x280
 .debug_aranges
                0x00000000       0x30 ./Driver/CMSIS/Src/Core_Interrupt.o
 .debug_aranges
                0x00000030       0x40 ./Driver/CMSIS/Src/Core_Systick.o
 .debug_aranges
                0x00000070       0x68 ./Driver/CMSIS/Src/Driver_GPIO.o
 .debug_aranges
                0x000000d8       0x60 ./Driver/HAL/Src/ADC.o
 .debug_aranges
                0x00000138       0x28 ./Driver/HAL/Src/Clock.o
 .debug_aranges
                0x00000160       0x68 ./Driver/HAL/Src/Driver_UART.o
 .debug_aranges
                0x000001c8       0x20 ./Project_Settings/Startup_Code/startup.o
 .debug_aranges
                0x000001e8       0x20 ./Project_Settings/Startup_Code/startup_S32K144.o
 .debug_aranges
                0x00000208       0x30 ./Project_Settings/Startup_Code/system_S32K144.o
 .debug_aranges
                0x00000238       0x48 ./src/main.o

.debug_ranges   0x00000000      0x200
 .debug_ranges  0x00000000       0x20 ./Driver/CMSIS/Src/Core_Interrupt.o
 .debug_ranges  0x00000020       0x30 ./Driver/CMSIS/Src/Core_Systick.o
 .debug_ranges  0x00000050       0x88 ./Driver/CMSIS/Src/Driver_GPIO.o
 .debug_ranges  0x000000d8       0x50 ./Driver/HAL/Src/ADC.o
 .debug_ranges  0x00000128       0x18 ./Driver/HAL/Src/Clock.o
 .debug_ranges  0x00000140       0x58 ./Driver/HAL/Src/Driver_UART.o
 .debug_ranges  0x00000198       0x10 ./Project_Settings/Startup_Code/startup.o
 .debug_ranges  0x000001a8       0x20 ./Project_Settings/Startup_Code/system_S32K144.o
 .debug_ranges  0x000001c8       0x38 ./src/main.o

.debug_macro    0x00000000    0x1ff74
 .debug_macro   0x00000000       0x7c ./Driver/CMSIS/Src/Core_Interrupt.o
 .debug_macro   0x0000007c      0x8d4 ./Driver/CMSIS/Src/Core_Interrupt.o
 .debug_macro   0x00000950       0x19 ./Driver/CMSIS/Src/Core_Interrupt.o
 .debug_macro   0x00000969       0x22 ./Driver/CMSIS/Src/Core_Interrupt.o
 .debug_macro   0x0000098b       0x8e ./Driver/CMSIS/Src/Core_Interrupt.o
 .debug_macro   0x00000a19       0x51 ./Driver/CMSIS/Src/Core_Interrupt.o
 .debug_macro   0x00000a6a       0xef ./Driver/CMSIS/Src/Core_Interrupt.o
 .debug_macro   0x00000b59       0x6a ./Driver/CMSIS/Src/Core_Interrupt.o
 .debug_macro   0x00000bc3      0x1df ./Driver/CMSIS/Src/Core_Interrupt.o
 .debug_macro   0x00000da2     0xee90 ./Driver/CMSIS/Src/Core_Interrupt.o
 .debug_macro   0x0000fc32       0x8b ./Driver/CMSIS/Src/Core_Systick.o
 .debug_macro   0x0000fcbd     0xeea5 ./Driver/CMSIS/Src/Core_Systick.o
 .debug_macro   0x0001eb62       0x3a ./Driver/CMSIS/Src/Core_Systick.o
 .debug_macro   0x0001eb9c       0x8a ./Driver/CMSIS/Src/Driver_GPIO.o
 .debug_macro   0x0001ec26       0x34 ./Driver/CMSIS/Src/Driver_GPIO.o
 .debug_macro   0x0001ec5a       0xad ./Driver/HAL/Src/ADC.o
 .debug_macro   0x0001ed07       0x10 ./Driver/HAL/Src/ADC.o
 .debug_macro   0x0001ed17       0x2e ./Driver/HAL/Src/ADC.o
 .debug_macro   0x0001ed45       0x70 ./Driver/HAL/Src/ADC.o
 .debug_macro   0x0001edb5       0x8a ./Driver/HAL/Src/Clock.o
 .debug_macro   0x0001ee3f       0x3a ./Driver/HAL/Src/Clock.o
 .debug_macro   0x0001ee79       0x8a ./Driver/HAL/Src/Driver_UART.o
 .debug_macro   0x0001ef03       0x70 ./Driver/HAL/Src/Driver_UART.o
 .debug_macro   0x0001ef73       0xb5 ./Project_Settings/Startup_Code/startup.o
 .debug_macro   0x0001f028       0x10 ./Project_Settings/Startup_Code/startup.o
 .debug_macro   0x0001f038       0x7a ./Project_Settings/Startup_Code/startup.o
 .debug_macro   0x0001f0b2      0xbbe ./Project_Settings/Startup_Code/startup.o
 .debug_macro   0x0001fc70       0x22 ./Project_Settings/Startup_Code/startup.o
 .debug_macro   0x0001fc92       0x40 ./Project_Settings/Startup_Code/startup.o
 .debug_macro   0x0001fcd2       0xb5 ./Project_Settings/Startup_Code/system_S32K144.o
 .debug_macro   0x0001fd87       0x28 ./Project_Settings/Startup_Code/system_S32K144.o
 .debug_macro   0x0001fdaf      0x13f ./src/main.o
 .debug_macro   0x0001feee       0x10 ./src/main.o
 .debug_macro   0x0001fefe       0x76 ./src/main.o

.debug_line     0x00000000     0x221a
 .debug_line    0x00000000      0x314 ./Driver/CMSIS/Src/Core_Interrupt.o
 .debug_line    0x00000314      0x34f ./Driver/CMSIS/Src/Core_Systick.o
 .debug_line    0x00000663      0x405 ./Driver/CMSIS/Src/Driver_GPIO.o
 .debug_line    0x00000a68      0x421 ./Driver/HAL/Src/ADC.o
 .debug_line    0x00000e89      0x312 ./Driver/HAL/Src/Clock.o
 .debug_line    0x0000119b      0x4b6 ./Driver/HAL/Src/Driver_UART.o
 .debug_line    0x00001651      0x349 ./Project_Settings/Startup_Code/startup.o
 .debug_line    0x0000199a       0x91 ./Project_Settings/Startup_Code/startup_S32K144.o
 .debug_line    0x00001a2b      0x366 ./Project_Settings/Startup_Code/system_S32K144.o
 .debug_line    0x00001d91      0x489 ./src/main.o

.debug_str      0x00000000    0x6b17b
 .debug_str     0x00000000    0x63d68 ./Driver/CMSIS/Src/Core_Interrupt.o
                              0x63ef6 (size before relaxing)
 .debug_str     0x00063d68      0x1a6 ./Driver/CMSIS/Src/Core_Systick.o
                              0x639cc (size before relaxing)
 .debug_str     0x00063f0e      0x456 ./Driver/CMSIS/Src/Driver_GPIO.o
                              0x63e0a (size before relaxing)
 .debug_str     0x00064364      0x515 ./Driver/HAL/Src/ADC.o
                              0x63e76 (size before relaxing)
 .debug_str     0x00064879      0x358 ./Driver/HAL/Src/Clock.o
                              0x63c1a (size before relaxing)
 .debug_str     0x00064bd1      0x475 ./Driver/HAL/Src/Driver_UART.o
                              0x63e35 (size before relaxing)
 .debug_str     0x00065046     0x5e6c ./Project_Settings/Startup_Code/startup.o
                              0x69781 (size before relaxing)
 .debug_str     0x0006aeb2       0x3f ./Project_Settings/Startup_Code/startup_S32K144.o
                                 0x81 (size before relaxing)
 .debug_str     0x0006aef1      0x159 ./Project_Settings/Startup_Code/system_S32K144.o
                              0x6955a (size before relaxing)
 .debug_str     0x0006b04a      0x131 ./src/main.o
                              0x6a85e (size before relaxing)

.debug_frame    0x00000000      0x920
 .debug_frame   0x00000000       0x88 ./Driver/CMSIS/Src/Core_Interrupt.o
 .debug_frame   0x00000088       0xb8 ./Driver/CMSIS/Src/Core_Systick.o
 .debug_frame   0x00000140      0x19c ./Driver/CMSIS/Src/Driver_GPIO.o
 .debug_frame   0x000002dc      0x174 ./Driver/HAL/Src/ADC.o
 .debug_frame   0x00000450       0x60 ./Driver/HAL/Src/Clock.o
 .debug_frame   0x000004b0      0x194 ./Driver/HAL/Src/Driver_UART.o
 .debug_frame   0x00000644       0x38 ./Project_Settings/Startup_Code/startup.o
 .debug_frame   0x0000067c       0x80 ./Project_Settings/Startup_Code/system_S32K144.o
 .debug_frame   0x000006fc       0xbc ./src/main.o
 .debug_frame   0x000007b8       0x28 D:/AppSetup/NXP/S32DS.3.5/S32DS/build_tools/gcc_b1620/gcc-6.3-arm32-eabi/arm-none-eabi/newlib/lib/thumb/v7e-m\libc.a(lib_a-exit.o)
 .debug_frame   0x000007e0       0x2c D:/AppSetup/NXP/S32DS.3.5/S32DS/build_tools/gcc_b1620/gcc-6.3-arm32-eabi/arm-none-eabi/newlib/lib/thumb/v7e-m\libc.a(lib_a-init.o)
 .debug_frame   0x0000080c       0x20 D:/AppSetup/NXP/S32DS.3.5/S32DS/build_tools/gcc_b1620/gcc-6.3-arm32-eabi/arm-none-eabi/newlib/lib/thumb/v7e-m\libc.a(lib_a-memset.o)
 .debug_frame   0x0000082c       0x4c D:/AppSetup/NXP/S32DS.3.5/S32DS/build_tools/gcc_b1620/gcc-6.3-arm32-eabi/arm-none-eabi/newlib/lib/thumb/v7e-m\libc.a(lib_a-__call_atexit.o)
 .debug_frame   0x00000878       0x38 D:/AppSetup/NXP/S32DS.3.5/S32DS/build_tools/gcc_b1620/gcc-6.3-arm32-eabi/arm-none-eabi/newlib/lib/thumb/v7e-m\libc.a(lib_a-fini.o)
 .debug_frame   0x000008b0       0x20 D:/AppSetup/NXP/S32DS.3.5/S32DS/build_tools/gcc_b1620/gcc-6.3-arm32-eabi/arm-none-eabi/newlib/lib/thumb/v7e-m\libc.a(lib_a-atexit.o)
 .debug_frame   0x000008d0       0x30 D:/AppSetup/NXP/S32DS.3.5/S32DS/build_tools/gcc_b1620/gcc-6.3-arm32-eabi/arm-none-eabi/newlib/lib/thumb/v7e-m\libc.a(lib_a-__atexit.o)
 .debug_frame   0x00000900       0x20 D:/AppSetup/NXP/S32DS.3.5/S32DS/build_tools/gcc_b1620/gcc-6.3-arm32-eabi/arm-none-eabi/newlib/lib/thumb/v7e-m\libnosys.a(_exit.o)
